Error: [0011]
    鈺攢[ D:\Agent璁捐\harness-self-evolution-plugin\src\engine\planning.mbt:39:3 ]
    鈹? 39 鈹?  match etype {
    鈹?  鈹€鈹€鈹€鈹€鈹€鈹€鈹攢鈹€鈹€鈹€鈹€鈹€  
    鈹?        鈺扳攢鈹€鈹€鈹€鈹€鈹€鈹€鈹€ Error Warning (partial_match): Partial match, some hints:
AntiAIDetection
AcademicWritingEnhancement
CitationNormalization
鈹€鈹€鈹€鈹€鈺?
